https://apuntesit.tk/tutoriales/docker-networking-y-comandos-basicos/#:~:text=El%20comando%20docker%20que%20maneja,en%20archivos%20del%20tipo%20JSON.
https://www.baeldung.com/ops/docker-removing-images#:~:text=Forcefully%20Remove%20Containers%20and%20Images&text=The%20%2Df%20flag%20is%20used,the%20running%20Docker%20containers%20forcefully.&text=The%20docker%20images%20%2Dqa%20will,forcefully%20remove%20the%20Docker%20image.

1. Verificamos la imagen del docker.
PS C:\WINDOWS\system32> docker -v
Docker version 20.10.8, build 3967b7d
2. Listamos las imágenes
PS C:\WINDOWS\system32> docker images
PS C:\Users\MIZRAIM> docker image ls --format '{{.Repository}}:{{.Tag}}'
3. Listamos los contenedor activos e inactivos
PS C:\WINDOWS\system32> docker ps -a
PS C:\Users\MIZRAIM> docker ps -a --format 'table {{.ID}}\t{{.Image}}\t{{.Status}}'
4. Creamos la red usando el comando.
PS C:\WINDOWS\system32> docker network create miredbcp
5. Verificamos la red creada.
PS C:\WINDOWS\system32> docker network ls
3cb37b080c8b   miredbcp   bridge    local
6. Creamos el contenedor mi-mysql8bcp apartir de la imagen de mysql versión 8, el nombre de nuestro contenedor será mi-mysql8bcp.
PS C:\WINDOWS\system32> docker run -p 3308:3306 --name mi-mysql8bcp --network miredbcp -e MYSQL_ROOT_PASSWORD=123456 -e MYSQL_DATABASE=bdtipocambio -d mysql:8
7. Eliminar un contenedor
PS C:\Users\MIZRAIM> docker stop ed66ef6b589a
PS C:\Users\MIZRAIM> docker rm ed66ef6b589a
8. Eliminar una imagen
PS C:\Users\MIZRAIM> docker rmi -f mysql:8



En caso de error al ejecutar el comando del paso 5
docker: failed to register layer: error creating overlay mount to /var/lib/docker/overlay2/ed084779ae6d1590b858bdd89bef6635d3f2ad35fa607d0de8cf95b9b2332f0d/merged: too many levels of symbolic links seguir los siguientes pasos:
a. editar el archivo daemon.json y verificar que tenga el siguiente contenido:
{
  "registry-mirrors": [],
  "insecure-registries": [],
  "debug": false,
  "experimental": false,
  "storage-driver": "overlay",
  "max-concurrent-uploads": 1,
  "features": {
    "buildkit": true
  },
  "builder": {
    "gc": {
      "enabled": true,
      "defaultKeepStorage": "20GB"
    }
  }
}

b. Detener el servicio de docker
PS C:\Program Files\Docker\Docker> Net stop com.docker.service
c. Iniciar el servicio de docker
PS C:\Program Files\Docker\Docker> Net start com.docker.service

Cambie Docker de Windows a Linux
Si se quiere revertir estos comandos se tiene que resetear el docker desktop
C:\Program Files\Docker\Docker\
cd "C:\Program Files\Docker\Docker"
./DockerCli.exe -SwitchLinuxEngine
./DockerCli.exe -SwitchDaemon

C:\Users\MIZRAIM\.docker\daemon.json